Archive member included to satisfy reference by file (symbol)

c:/st/stm32cubeide_1.4.0/stm32cubeide/plugins/com.st.stm32cube.ide.mcu.externaltools.gnu-tools-for-stm32.7-2018-q2-update.win32_1.4.0.202007081208/tools/bin/../lib/gcc/arm-none-eabi/7.3.1/../../../../arm-none-eabi/lib/thumb/v6-m\libc_nano.a(lib_a-errno.o)
                              Core/Src/syscalls.o (__errno)
c:/st/stm32cubeide_1.4.0/stm32cubeide/plugins/com.st.stm32cube.ide.mcu.externaltools.gnu-tools-for-stm32.7-2018-q2-update.win32_1.4.0.202007081208/tools/bin/../lib/gcc/arm-none-eabi/7.3.1/../../../../arm-none-eabi/lib/thumb/v6-m\libc_nano.a(lib_a-exit.o)
                              c:/st/stm32cubeide_1.4.0/stm32cubeide/plugins/com.st.stm32cube.ide.mcu.externaltools.gnu-tools-for-stm32.7-2018-q2-update.win32_1.4.0.202007081208/tools/bin/../lib/gcc/arm-none-eabi/7.3.1/../../../../arm-none-eabi/lib/thumb/v6-m/crt0.o (exit)
c:/st/stm32cubeide_1.4.0/stm32cubeide/plugins/com.st.stm32cube.ide.mcu.externaltools.gnu-tools-for-stm32.7-2018-q2-update.win32_1.4.0.202007081208/tools/bin/../lib/gcc/arm-none-eabi/7.3.1/../../../../arm-none-eabi/lib/thumb/v6-m\libc_nano.a(lib_a-impure.o)
                              c:/st/stm32cubeide_1.4.0/stm32cubeide/plugins/com.st.stm32cube.ide.mcu.externaltools.gnu-tools-for-stm32.7-2018-q2-update.win32_1.4.0.202007081208/tools/bin/../lib/gcc/arm-none-eabi/7.3.1/../../../../arm-none-eabi/lib/thumb/v6-m\libc_nano.a(lib_a-exit.o) (_global_impure_ptr)
c:/st/stm32cubeide_1.4.0/stm32cubeide/plugins/com.st.stm32cube.ide.mcu.externaltools.gnu-tools-for-stm32.7-2018-q2-update.win32_1.4.0.202007081208/tools/bin/../lib/gcc/arm-none-eabi/7.3.1/../../../../arm-none-eabi/lib/thumb/v6-m\libc_nano.a(lib_a-init.o)
                              c:/st/stm32cubeide_1.4.0/stm32cubeide/plugins/com.st.stm32cube.ide.mcu.externaltools.gnu-tools-for-stm32.7-2018-q2-update.win32_1.4.0.202007081208/tools/bin/../lib/gcc/arm-none-eabi/7.3.1/../../../../arm-none-eabi/lib/thumb/v6-m/crt0.o (__libc_init_array)
c:/st/stm32cubeide_1.4.0/stm32cubeide/plugins/com.st.stm32cube.ide.mcu.externaltools.gnu-tools-for-stm32.7-2018-q2-update.win32_1.4.0.202007081208/tools/bin/../lib/gcc/arm-none-eabi/7.3.1/../../../../arm-none-eabi/lib/thumb/v6-m\libc_nano.a(lib_a-memset.o)
                              c:/st/stm32cubeide_1.4.0/stm32cubeide/plugins/com.st.stm32cube.ide.mcu.externaltools.gnu-tools-for-stm32.7-2018-q2-update.win32_1.4.0.202007081208/tools/bin/../lib/gcc/arm-none-eabi/7.3.1/../../../../arm-none-eabi/lib/thumb/v6-m/crt0.o (memset)
c:/st/stm32cubeide_1.4.0/stm32cubeide/plugins/com.st.stm32cube.ide.mcu.externaltools.gnu-tools-for-stm32.7-2018-q2-update.win32_1.4.0.202007081208/tools/bin/../lib/gcc/arm-none-eabi/7.3.1/thumb/v6-m\libgcc.a(_udivsi3.o)
                              Core/Src/system_stm32f0xx.o (__aeabi_uidiv)
c:/st/stm32cubeide_1.4.0/stm32cubeide/plugins/com.st.stm32cube.ide.mcu.externaltools.gnu-tools-for-stm32.7-2018-q2-update.win32_1.4.0.202007081208/tools/bin/../lib/gcc/arm-none-eabi/7.3.1/thumb/v6-m\libgcc.a(_dvmd_tls.o)
                              c:/st/stm32cubeide_1.4.0/stm32cubeide/plugins/com.st.stm32cube.ide.mcu.externaltools.gnu-tools-for-stm32.7-2018-q2-update.win32_1.4.0.202007081208/tools/bin/../lib/gcc/arm-none-eabi/7.3.1/thumb/v6-m\libgcc.a(_udivsi3.o) (__aeabi_idiv0)

Allocating common symbols
Common symbol       size              file

sFilterConfig       0x28              Core/Src/main.o
hcan                0x28              Core/Src/main.o
uwTick              0x4               Drivers/STM32F0xx_HAL_Driver/Src/stm32f0xx_hal.o
pFlash              0x20              Drivers/STM32F0xx_HAL_Driver/Src/stm32f0xx_hal_flash.o
huart1              0x84              Core/Src/main.o
TxData              0x8               Core/Src/main.o
htim1               0x48              Core/Src/main.o
TxMailbox           0x4               Core/Src/main.o
RxData              0x8               Core/Src/main.o
TxHeader            0x18              Core/Src/main.o
RxHeader            0x1c              Core/Src/main.o

Discarded input sections

 .text          0x0000000000000000        0x0 c:/st/stm32cubeide_1.4.0/stm32cubeide/plugins/com.st.stm32cube.ide.mcu.externaltools.gnu-tools-for-stm32.7-2018-q2-update.win32_1.4.0.202007081208/tools/bin/../lib/gcc/arm-none-eabi/7.3.1/thumb/v6-m/crti.o
 .data          0x0000000000000000        0x0 c:/st/stm32cubeide_1.4.0/stm32cubeide/plugins/com.st.stm32cube.ide.mcu.externaltools.gnu-tools-for-stm32.7-2018-q2-update.win32_1.4.0.202007081208/tools/bin/../lib/gcc/arm-none-eabi/7.3.1/thumb/v6-m/crti.o
 .bss           0x0000000000000000        0x0 c:/st/stm32cubeide_1.4.0/stm32cubeide/plugins/com.st.stm32cube.ide.mcu.externaltools.gnu-tools-for-stm32.7-2018-q2-update.win32_1.4.0.202007081208/tools/bin/../lib/gcc/arm-none-eabi/7.3.1/thumb/v6-m/crti.o
[...]
Memory Configuration

Name             Origin             Length             Attributes
RAM              0x0000000020000000 0x0000000000001800 xrw
FLASH            0x0000000008000000 0x0000000000008000 xr
*default*        0x0000000000000000 0xffffffffffffffff

Linker script and memory map

LOAD c:/st/stm32cubeide_1.4.0/stm32cubeide/plugins/com.st.stm32cube.ide.mcu.externaltools.gnu-tools-for-stm32.7-2018-q2-update.win32_1.4.0.202007081208/tools/bin/../lib/gcc/arm-none-eabi/7.3.1/thumb/v6-m/crti.o
LOAD c:/st/stm32cubeide_1.4.0/stm32cubeide/plugins/com.st.stm32cube.ide.mcu.externaltools.gnu-tools-for-stm32.7-2018-q2-update.win32_1.4.0.202007081208/tools/bin/../lib/gcc/arm-none-eabi/7.3.1/thumb/v6-m/crtbegin.o
LOAD c:/st/stm32cubeide_1.4.0/stm32cubeide/plugins/com.st.stm32cube.ide.mcu.externaltools.gnu-tools-for-stm32.7-2018-q2-update.win32_1.4.0.202007081208/tools/bin/../lib/gcc/arm-none-eabi/7.3.1/../../../../arm-none-eabi/lib/thumb/v6-m/crt0.o
LOAD Core/Src/main.o
LOAD Core/Src/stm32f0xx_hal_msp.o
LOAD Core/Src/stm32f0xx_it.o
LOAD Core/Src/syscalls.o
LOAD Core/Src/sysmem.o
LOAD Core/Src/system_stm32f0xx.o
LOAD Core/Startup/startup_stm32f042k6tx.o
LOAD Drivers/STM32F0xx_HAL_Driver/Src/stm32f0xx_hal.o
LOAD Drivers/STM32F0xx_HAL_Driver/Src/stm32f0xx_hal_can.o
LOAD Drivers/STM32F0xx_HAL_Driver/Src/stm32f0xx_hal_cortex.o
LOAD Drivers/STM32F0xx_HAL_Driver/Src/stm32f0xx_hal_dma.o
LOAD Drivers/STM32F0xx_HAL_Driver/Src/stm32f0xx_hal_exti.o
LOAD Drivers/STM32F0xx_HAL_Driver/Src/stm32f0xx_hal_flash.o
LOAD Drivers/STM32F0xx_HAL_Driver/Src/stm32f0xx_hal_flash_ex.o
LOAD Drivers/STM32F0xx_HAL_Driver/Src/stm32f0xx_hal_gpio.o
LOAD Drivers/STM32F0xx_HAL_Driver/Src/stm32f0xx_hal_i2c.o
LOAD Drivers/STM32F0xx_HAL_Driver/Src/stm32f0xx_hal_i2c_ex.o
LOAD Drivers/STM32F0xx_HAL_Driver/Src/stm32f0xx_hal_pwr.o
LOAD Drivers/STM32F0xx_HAL_Driver/Src/stm32f0xx_hal_pwr_ex.o
LOAD Drivers/STM32F0xx_HAL_Driver/Src/stm32f0xx_hal_rcc.o
LOAD Drivers/STM32F0xx_HAL_Driver/Src/stm32f0xx_hal_rcc_ex.o
LOAD Drivers/STM32F0xx_HAL_Driver/Src/stm32f0xx_hal_tim.o
LOAD Drivers/STM32F0xx_HAL_Driver/Src/stm32f0xx_hal_tim_ex.o
LOAD Drivers/STM32F0xx_HAL_Driver/Src/stm32f0xx_hal_uart.o
LOAD Drivers/STM32F0xx_HAL_Driver/Src/stm32f0xx_hal_uart_ex.o
START GROUP
LOAD c:/st/stm32cubeide_1.4.0/stm32cubeide/plugins/com.st.stm32cube.ide.mcu.externaltools.gnu-tools-for-stm32.7-2018-q2-update.win32_1.4.0.202007081208/tools/bin/../lib/gcc/arm-none-eabi/7.3.1/../../../../arm-none-eabi/lib/thumb/v6-m\libc_nano.a
LOAD c:/st/stm32cubeide_1.4.0/stm32cubeide/plugins/com.st.stm32cube.ide.mcu.externaltools.gnu-tools-for-stm32.7-2018-q2-update.win32_1.4.0.202007081208/tools/bin/../lib/gcc/arm-none-eabi/7.3.1/../../../../arm-none-eabi/lib/thumb/v6-m\libm.a
END GROUP
START GROUP
LOAD c:/st/stm32cubeide_1.4.0/stm32cubeide/plugins/com.st.stm32cube.ide.mcu.externaltools.gnu-tools-for-stm32.7-2018-q2-update.win32_1.4.0.202007081208/tools/bin/../lib/gcc/arm-none-eabi/7.3.1/thumb/v6-m\libgcc.a
LOAD c:/st/stm32cubeide_1.4.0/stm32cubeide/plugins/com.st.stm32cube.ide.mcu.externaltools.gnu-tools-for-stm32.7-2018-q2-update.win32_1.4.0.202007081208/tools/bin/../lib/gcc/arm-none-eabi/7.3.1/../../../../arm-none-eabi/lib/thumb/v6-m\libc_nano.a
END GROUP
START GROUP
LOAD c:/st/stm32cubeide_1.4.0/stm32cubeide/plugins/com.st.stm32cube.ide.mcu.externaltools.gnu-tools-for-stm32.7-2018-q2-update.win32_1.4.0.202007081208/tools/bin/../lib/gcc/arm-none-eabi/7.3.1/thumb/v6-m\libgcc.a
LOAD c:/st/stm32cubeide_1.4.0/stm32cubeide/plugins/com.st.stm32cube.ide.mcu.externaltools.gnu-tools-for-stm32.7-2018-q2-update.win32_1.4.0.202007081208/tools/bin/../lib/gcc/arm-none-eabi/7.3.1/../../../../arm-none-eabi/lib/thumb/v6-m\libc_nano.a
LOAD c:/st/stm32cubeide_1.4.0/stm32cubeide/plugins/com.st.stm32cube.ide.mcu.externaltools.gnu-tools-for-stm32.7-2018-q2-update.win32_1.4.0.202007081208/tools/bin/../lib/gcc/arm-none-eabi/7.3.1/../../../../arm-none-eabi/lib/thumb/v6-m\libnosys.a
END GROUP
START GROUP
LOAD c:/st/stm32cubeide_1.4.0/stm32cubeide/plugins/com.st.stm32cube.ide.mcu.externaltools.gnu-tools-for-stm32.7-2018-q2-update.win32_1.4.0.202007081208/tools/bin/../lib/gcc/arm-none-eabi/7.3.1/thumb/v6-m\libgcc.a
LOAD c:/st/stm32cubeide_1.4.0/stm32cubeide/plugins/com.st.stm32cube.ide.mcu.externaltools.gnu-tools-for-stm32.7-2018-q2-update.win32_1.4.0.202007081208/tools/bin/../lib/gcc/arm-none-eabi/7.3.1/../../../../arm-none-eabi/lib/thumb/v6-m\libc_nano.a
LOAD c:/st/stm32cubeide_1.4.0/stm32cubeide/plugins/com.st.stm32cube.ide.mcu.externaltools.gnu-tools-for-stm32.7-2018-q2-update.win32_1.4.0.202007081208/tools/bin/../lib/gcc/arm-none-eabi/7.3.1/../../../../arm-none-eabi/lib/thumb/v6-m\libnosys.a
END GROUP
LOAD c:/st/stm32cubeide_1.4.0/stm32cubeide/plugins/com.st.stm32cube.ide.mcu.externaltools.gnu-tools-for-stm32.7-2018-q2-update.win32_1.4.0.202007081208/tools/bin/../lib/gcc/arm-none-eabi/7.3.1/thumb/v6-m/crtend.o
LOAD c:/st/stm32cubeide_1.4.0/stm32cubeide/plugins/com.st.stm32cube.ide.mcu.externaltools.gnu-tools-for-stm32.7-2018-q2-update.win32_1.4.0.202007081208/tools/bin/../lib/gcc/arm-none-eabi/7.3.1/thumb/v6-m/crtn.o
                0x0000000020001800                _estack = (ORIGIN (RAM) + LENGTH (RAM))
                0x0000000000000200                _Min_Heap_Size = 0x200
                0x0000000000000400                _Min_Stack_Size = 0x400

.isr_vector     0x0000000008000000       0xc0
                0x0000000008000000                . = ALIGN (0x4)
 *(.isr_vector)
 .isr_vector    0x0000000008000000       0xc0 Core/Startup/startup_stm32f042k6tx.o
                0x0000000008000000                g_pfnVectors
                0x00000000080000c0                . = ALIGN (0x4)

.text           0x00000000080000c0     0x327c
                0x00000000080000c0                . = ALIGN (0x4)
 *(.text)
 .text          0x00000000080000c0       0x48 c:/st/stm32cubeide_1.4.0/stm32cubeide/plugins/com.st.stm32cube.ide.mcu.externaltools.gnu-tools-for-stm32.7-2018-q2-update.win32_1.4.0.202007081208/tools/bin/../lib/gcc/arm-none-eabi/7.3.1/thumb/v6-m/crtbegin.o
 .text          0x0000000008000108      0x114 c:/st/stm32cubeide_1.4.0/stm32cubeide/plugins/com.st.stm32cube.ide.mcu.externaltools.gnu-tools-for-stm32.7-2018-q2-update.win32_1.4.0.202007081208/tools/bin/../lib/gcc/arm-none-eabi/7.3.1/thumb/v6-m\libgcc.a(_udivsi3.o)
                0x0000000008000108                __aeabi_uidiv
                0x0000000008000108                __udivsi3
                0x0000000008000214                __aeabi_uidivmod
 .text          0x000000000800021c        0x4 c:/st/stm32cubeide_1.4.0/stm32cubeide/plugins/com.st.stm32cube.ide.mcu.externaltools.gnu-tools-for-stm32.7-2018-q2-update.win32_1.4.0.202007081208/tools/bin/../lib/gcc/arm-none-eabi/7.3.1/thumb/v6-m\libgcc.a(_dvmd_tls.o)
                0x000000000800021c                __aeabi_idiv0
                0x000000000800021c                __aeabi_ldiv0
 *(.text*)
 .text.HAL_TIM_PeriodElapsedCallback
                0x0000000008000220      0x1c4 Core/Src/main.o
                0x0000000008000220                HAL_TIM_PeriodElapsedCallback
 .text.main     0x00000000080003e4      0x120 Core/Src/main.o
                0x00000000080003e4                main
 .text.SystemClock_Config
                0x0000000008000504       0xbe Core/Src/main.o
                0x0000000008000504                SystemClock_Config
 *fill*         0x00000000080005c2        0x2 
 .text.MX_CAN_Init
                0x00000000080005c4       0x70 Core/Src/main.o
 .text.MX_TIM1_Init
                0x0000000008000634       0xe8 Core/Src/main.o
 .text.MX_USART1_UART_Init
                0x000000000800071c       0x60 Core/Src/main.o
 .text.MX_GPIO_Init
                0x000000000800077c      0x108 Core/Src/main.o
 .text.Error_Handler
                0x0000000008000884        0xa Core/Src/main.o
                0x0000000008000884                Error_Handler
 *fill*         0x000000000800088e        0x2 
 .text.HAL_MspInit
                0x0000000008000890       0x48 Core/Src/stm32f0xx_hal_msp.o
                0x0000000008000890                HAL_MspInit
 .text.HAL_CAN_MspInit
                0x00000000080008d8       0x9c Core/Src/stm32f0xx_hal_msp.o
                0x00000000080008d8                HAL_CAN_MspInit
 .text.HAL_TIM_Base_MspInit
                0x0000000008000974       0x50 Core/Src/stm32f0xx_hal_msp.o
                0x0000000008000974                HAL_TIM_Base_MspInit
 .text.HAL_UART_MspInit
                0x00000000080009c4       0x9c Core/Src/stm32f0xx_hal_msp.o
                0x00000000080009c4                HAL_UART_MspInit
 .text.NMI_Handler
                0x0000000008000a60        0xa Core/Src/stm32f0xx_it.o
                0x0000000008000a60                NMI_Handler
 .text.HardFault_Handler
                0x0000000008000a6a        0x6 Core/Src/stm32f0xx_it.o
                0x0000000008000a6a                HardFault_Handler
 .text.SVC_Handler
                0x0000000008000a70        0xa Core/Src/stm32f0xx_it.o
                0x0000000008000a70                SVC_Handler
 .text.PendSV_Handler
                0x0000000008000a7a        0xa Core/Src/stm32f0xx_it.o
                0x0000000008000a7a                PendSV_Handler
 .text.SysTick_Handler
                0x0000000008000a84        0xe Core/Src/stm32f0xx_it.o
                0x0000000008000a84                SysTick_Handler
 *fill*         0x0000000008000a92        0x2 
 .text.TIM1_BRK_UP_TRG_COM_IRQHandler
                0x0000000008000a94       0x18 Core/Src/stm32f0xx_it.o
                0x0000000008000a94                TIM1_BRK_UP_TRG_COM_IRQHandler
 .text.SystemInit
                0x0000000008000aac        0xa Core/Src/system_stm32f0xx.o
                0x0000000008000aac                SystemInit
 *fill*         0x0000000008000ab6        0x2 
 .text.Reset_Handler
                0x0000000008000ab8       0x80 Core/Startup/startup_stm32f042k6tx.o
                0x0000000008000ab8                Reset_Handler
 .text.Default_Handler
                0x0000000008000b38        0x2 Core/Startup/startup_stm32f042k6tx.o
                0x0000000008000b38                TIM1_CC_IRQHandler
                0x0000000008000b38                TSC_IRQHandler
                0x0000000008000b38                I2C1_IRQHandler
                0x0000000008000b38                RCC_CRS_IRQHandler
                0x0000000008000b38                SPI1_IRQHandler
                0x0000000008000b38                EXTI2_3_IRQHandler
                0x0000000008000b38                ADC1_IRQHandler
                0x0000000008000b38                TIM17_IRQHandler
                0x0000000008000b38                CEC_CAN_IRQHandler
                0x0000000008000b38                RTC_IRQHandler
                0x0000000008000b38                PVD_VDDIO2_IRQHandler
                0x0000000008000b38                TIM16_IRQHandler
                0x0000000008000b38                TIM3_IRQHandler
                0x0000000008000b38                EXTI4_15_IRQHandler
                0x0000000008000b38                DMA1_Channel1_IRQHandler
                0x0000000008000b38                Default_Handler
                0x0000000008000b38                TIM14_IRQHandler
                0x0000000008000b38                DMA1_Channel4_5_IRQHandler
                0x0000000008000b38                EXTI0_1_IRQHandler
                0x0000000008000b38                USB_IRQHandler
                0x0000000008000b38                SPI2_IRQHandler
                0x0000000008000b38                WWDG_IRQHandler
                0x0000000008000b38                TIM2_IRQHandler
                0x0000000008000b38                DMA1_Channel2_3_IRQHandler
                0x0000000008000b38                USART2_IRQHandler
                0x0000000008000b38                FLASH_IRQHandler
                0x0000000008000b38                USART1_IRQHandler
 *fill*         0x0000000008000b3a        0x2 
 .text.HAL_Init
                0x0000000008000b3c       0x28 Drivers/STM32F0xx_HAL_Driver/Src/stm32f0xx_hal.o
                0x0000000008000b3c                HAL_Init
 .text.HAL_InitTick
                0x0000000008000b64       0x68 Drivers/STM32F0xx_HAL_Driver/Src/stm32f0xx_hal.o
                0x0000000008000b64                HAL_InitTick
 .text.HAL_IncTick
                0x0000000008000bcc       0x24 Drivers/STM32F0xx_HAL_Driver/Src/stm32f0xx_hal.o
                0x0000000008000bcc                HAL_IncTick
 .text.HAL_GetTick
                0x0000000008000bf0       0x14 Drivers/STM32F0xx_HAL_Driver/Src/stm32f0xx_hal.o
                0x0000000008000bf0                HAL_GetTick
 .text.HAL_Delay
                0x0000000008000c04       0x44 Drivers/STM32F0xx_HAL_Driver/Src/stm32f0xx_hal.o
                0x0000000008000c04                HAL_Delay
 .text.HAL_CAN_Init
                0x0000000008000c48      0x1fc Drivers/STM32F0xx_HAL_Driver/Src/stm32f0xx_hal_can.o
                0x0000000008000c48                HAL_CAN_Init
 .text.HAL_CAN_ConfigFilter
                0x0000000008000e44      0x1e4 Drivers/STM32F0xx_HAL_Driver/Src/stm32f0xx_hal_can.o
                0x0000000008000e44                HAL_CAN_ConfigFilter
 .text.HAL_CAN_Start
                0x0000000008001028       0x8c Drivers/STM32F0xx_HAL_Driver/Src/stm32f0xx_hal_can.o
                0x0000000008001028                HAL_CAN_Start
 .text.HAL_CAN_AddTxMessage
                0x00000000080010b4      0x1be Drivers/STM32F0xx_HAL_Driver/Src/stm32f0xx_hal_can.o
                0x00000000080010b4                HAL_CAN_AddTxMessage
 .text.HAL_CAN_ActivateNotification
                0x0000000008001272       0x54 Drivers/STM32F0xx_HAL_Driver/Src/stm32f0xx_hal_can.o
                0x0000000008001272                HAL_CAN_ActivateNotification
 *fill*         0x00000000080012c6        0x2 
 .text.__NVIC_EnableIRQ
                0x00000000080012c8       0x34 Drivers/STM32F0xx_HAL_Driver/Src/stm32f0xx_hal_cortex.o
 .text.__NVIC_SetPriority
                0x00000000080012fc       0xdc Drivers/STM32F0xx_HAL_Driver/Src/stm32f0xx_hal_cortex.o
 .text.SysTick_Config
                0x00000000080013d8       0x48 Drivers/STM32F0xx_HAL_Driver/Src/stm32f0xx_hal_cortex.o
 .text.HAL_NVIC_SetPriority
                0x0000000008001420       0x2a Drivers/STM32F0xx_HAL_Driver/Src/stm32f0xx_hal_cortex.o
                0x0000000008001420                HAL_NVIC_SetPriority
 .text.HAL_NVIC_EnableIRQ
                0x000000000800144a       0x20 Drivers/STM32F0xx_HAL_Driver/Src/stm32f0xx_hal_cortex.o
                0x000000000800144a                HAL_NVIC_EnableIRQ
 .text.HAL_SYSTICK_Config
                0x000000000800146a       0x1a Drivers/STM32F0xx_HAL_Driver/Src/stm32f0xx_hal_cortex.o
                0x000000000800146a                HAL_SYSTICK_Config
 .text.HAL_GPIO_Init
                0x0000000008001484      0x2d0 Drivers/STM32F0xx_HAL_Driver/Src/stm32f0xx_hal_gpio.o
                0x0000000008001484                HAL_GPIO_Init
 .text.HAL_GPIO_ReadPin
                0x0000000008001754       0x3a Drivers/STM32F0xx_HAL_Driver/Src/stm32f0xx_hal_gpio.o
                0x0000000008001754                HAL_GPIO_ReadPin
 .text.HAL_GPIO_WritePin
                0x000000000800178e       0x3a Drivers/STM32F0xx_HAL_Driver/Src/stm32f0xx_hal_gpio.o
                0x000000000800178e                HAL_GPIO_WritePin
 .text.HAL_RCC_OscConfig
                0x00000000080017c8      0x70c Drivers/STM32F0xx_HAL_Driver/Src/stm32f0xx_hal_rcc.o
                0x00000000080017c8                HAL_RCC_OscConfig
 .text.HAL_RCC_ClockConfig
                0x0000000008001ed4      0x1b4 Drivers/STM32F0xx_HAL_Driver/Src/stm32f0xx_hal_rcc.o
                0x0000000008001ed4                HAL_RCC_ClockConfig
 .text.HAL_RCC_GetSysClockFreq
                0x0000000008002088      0x100 Drivers/STM32F0xx_HAL_Driver/Src/stm32f0xx_hal_rcc.o
                0x0000000008002088                HAL_RCC_GetSysClockFreq
 .text.HAL_RCC_GetHCLKFreq
                0x0000000008002188       0x14 Drivers/STM32F0xx_HAL_Driver/Src/stm32f0xx_hal_rcc.o
                0x0000000008002188                HAL_RCC_GetHCLKFreq
 .text.HAL_RCC_GetPCLK1Freq
                0x000000000800219c       0x2c Drivers/STM32F0xx_HAL_Driver/Src/stm32f0xx_hal_rcc.o
                0x000000000800219c                HAL_RCC_GetPCLK1Freq
 .text.HAL_RCCEx_PeriphCLKConfig
                0x00000000080021c8      0x1dc Drivers/STM32F0xx_HAL_Driver/Src/stm32f0xx_hal_rcc_ex.o
                0x00000000080021c8                HAL_RCCEx_PeriphCLKConfig
 .text.HAL_TIM_Base_Init
                0x00000000080023a4       0xa0 Drivers/STM32F0xx_HAL_Driver/Src/stm32f0xx_hal_tim.o
                0x00000000080023a4                HAL_TIM_Base_Init
 .text.HAL_TIM_IRQHandler
                0x0000000008002444      0x22c Drivers/STM32F0xx_HAL_Driver/Src/stm32f0xx_hal_tim.o
                0x0000000008002444                HAL_TIM_IRQHandler
 .text.HAL_TIM_ConfigClockSource
                0x0000000008002670      0x17c Drivers/STM32F0xx_HAL_Driver/Src/stm32f0xx_hal_tim.o
                0x0000000008002670                HAL_TIM_ConfigClockSource
 .text.HAL_TIM_SlaveConfigSynchro
                0x00000000080027ec       0x8c Drivers/STM32F0xx_HAL_Driver/Src/stm32f0xx_hal_tim.o
                0x00000000080027ec                HAL_TIM_SlaveConfigSynchro
 .text.HAL_TIM_OC_DelayElapsedCallback
                0x0000000008002878       0x10 Drivers/STM32F0xx_HAL_Driver/Src/stm32f0xx_hal_tim.o
                0x0000000008002878                HAL_TIM_OC_DelayElapsedCallback
 .text.HAL_TIM_IC_CaptureCallback
                0x0000000008002888       0x10 Drivers/STM32F0xx_HAL_Driver/Src/stm32f0xx_hal_tim.o
                0x0000000008002888                HAL_TIM_IC_CaptureCallback
 .text.HAL_TIM_PWM_PulseFinishedCallback
                0x0000000008002898       0x10 Drivers/STM32F0xx_HAL_Driver/Src/stm32f0xx_hal_tim.o
                0x0000000008002898                HAL_TIM_PWM_PulseFinishedCallback
 .text.HAL_TIM_TriggerCallback
                0x00000000080028a8       0x10 Drivers/STM32F0xx_HAL_Driver/Src/stm32f0xx_hal_tim.o
                0x00000000080028a8                HAL_TIM_TriggerCallback
 .text.TIM_Base_SetConfig
                0x00000000080028b8       0xec Drivers/STM32F0xx_HAL_Driver/Src/stm32f0xx_hal_tim.o
                0x00000000080028b8                TIM_Base_SetConfig
 .text.TIM_SlaveTimer_SetConfig
                0x00000000080029a4      0x108 Drivers/STM32F0xx_HAL_Driver/Src/stm32f0xx_hal_tim.o
 .text.TIM_TI1_ConfigInputStage
                0x0000000008002aac       0x5c Drivers/STM32F0xx_HAL_Driver/Src/stm32f0xx_hal_tim.o
 .text.TIM_TI2_ConfigInputStage
                0x0000000008002b08       0x64 Drivers/STM32F0xx_HAL_Driver/Src/stm32f0xx_hal_tim.o
 .text.TIM_ITRx_SetConfig
                0x0000000008002b6c       0x32 Drivers/STM32F0xx_HAL_Driver/Src/stm32f0xx_hal_tim.o
 *fill*         0x0000000008002b9e        0x2 
 .text.TIM_ETR_SetConfig
                0x0000000008002ba0       0x40 Drivers/STM32F0xx_HAL_Driver/Src/stm32f0xx_hal_tim.o
                0x0000000008002ba0                TIM_ETR_SetConfig
 .text.HAL_TIMEx_MasterConfigSynchronization
                0x0000000008002be0       0xb0 Drivers/STM32F0xx_HAL_Driver/Src/stm32f0xx_hal_tim_ex.o
                0x0000000008002be0                HAL_TIMEx_MasterConfigSynchronization
 .text.HAL_TIMEx_CommutCallback
                0x0000000008002c90       0x10 Drivers/STM32F0xx_HAL_Driver/Src/stm32f0xx_hal_tim_ex.o
                0x0000000008002c90                HAL_TIMEx_CommutCallback
 .text.HAL_TIMEx_BreakCallback
                0x0000000008002ca0       0x10 Drivers/STM32F0xx_HAL_Driver/Src/stm32f0xx_hal_tim_ex.o
                0x0000000008002ca0                HAL_TIMEx_BreakCallback
 .text.HAL_UART_Init
                0x0000000008002cb0       0xa8 Drivers/STM32F0xx_HAL_Driver/Src/stm32f0xx_hal_uart.o
                0x0000000008002cb0                HAL_UART_Init
 .text.UART_SetConfig
                0x0000000008002d58      0x27c Drivers/STM32F0xx_HAL_Driver/Src/stm32f0xx_hal_uart.o
                0x0000000008002d58                UART_SetConfig
 .text.UART_AdvFeatureConfig
                0x0000000008002fd4      0x168 Drivers/STM32F0xx_HAL_Driver/Src/stm32f0xx_hal_uart.o
                0x0000000008002fd4                UART_AdvFeatureConfig
 .text.UART_CheckIdleState
                0x000000000800313c       0x94 Drivers/STM32F0xx_HAL_Driver/Src/stm32f0xx_hal_uart.o
                0x000000000800313c                UART_CheckIdleState
 .text.UART_WaitOnFlagUntilTimeout
                0x00000000080031d0       0xfc Drivers/STM32F0xx_HAL_Driver/Src/stm32f0xx_hal_uart.o
                0x00000000080031d0                UART_WaitOnFlagUntilTimeout
 .text.__libc_init_array
                0x00000000080032cc       0x48 c:/st/stm32cubeide_1.4.0/stm32cubeide/plugins/com.st.stm32cube.ide.mcu.externaltools.gnu-tools-for-stm32.7-2018-q2-update.win32_1.4.0.202007081208/tools/bin/../lib/gcc/arm-none-eabi/7.3.1/../../../../arm-none-eabi/lib/thumb/v6-m\libc_nano.a(lib_a-init.o)
                0x00000000080032cc                __libc_init_array
 .text.memset   0x0000000008003314       0x10 c:/st/stm32cubeide_1.4.0/stm32cubeide/plugins/com.st.stm32cube.ide.mcu.externaltools.gnu-tools-for-stm32.7-2018-q2-update.win32_1.4.0.202007081208/tools/bin/../lib/gcc/arm-none-eabi/7.3.1/../../../../arm-none-eabi/lib/thumb/v6-m\libc_nano.a(lib_a-memset.o)
                0x0000000008003314                memset
 *(.glue_7)
 .glue_7        0x0000000008003324        0x0 linker stubs
 *(.glue_7t)
 .glue_7t       0x0000000008003324        0x0 linker stubs
 *(.eh_frame)
 .eh_frame      0x0000000008003324        0x0 c:/st/stm32cubeide_1.4.0/stm32cubeide/plugins/com.st.stm32cube.ide.mcu.externaltools.gnu-tools-for-stm32.7-2018-q2-update.win32_1.4.0.202007081208/tools/bin/../lib/gcc/arm-none-eabi/7.3.1/thumb/v6-m/crtbegin.o
 *(.init)
 .init          0x0000000008003324        0x4 c:/st/stm32cubeide_1.4.0/stm32cubeide/plugins/com.st.stm32cube.ide.mcu.externaltools.gnu-tools-for-stm32.7-2018-q2-update.win32_1.4.0.202007081208/tools/bin/../lib/gcc/arm-none-eabi/7.3.1/thumb/v6-m/crti.o
                0x0000000008003324                _init
 .init          0x0000000008003328        0x8 c:/st/stm32cubeide_1.4.0/stm32cubeide/plugins/com.st.stm32cube.ide.mcu.externaltools.gnu-tools-for-stm32.7-2018-q2-update.win32_1.4.0.202007081208/tools/bin/../lib/gcc/arm-none-eabi/7.3.1/thumb/v6-m/crtn.o
 *(.fini)
 .fini          0x0000000008003330        0x4 c:/st/stm32cubeide_1.4.0/stm32cubeide/plugins/com.st.stm32cube.ide.mcu.externaltools.gnu-tools-for-stm32.7-2018-q2-update.win32_1.4.0.202007081208/tools/bin/../lib/gcc/arm-none-eabi/7.3.1/thumb/v6-m/crti.o
                0x0000000008003330                _fini
 .fini          0x0000000008003334        0x8 c:/st/stm32cubeide_1.4.0/stm32cubeide/plugins/com.st.stm32cube.ide.mcu.externaltools.gnu-tools-for-stm32.7-2018-q2-update.win32_1.4.0.202007081208/tools/bin/../lib/gcc/arm-none-eabi/7.3.1/thumb/v6-m/crtn.o
                0x000000000800333c                . = ALIGN (0x4)
                0x000000000800333c                _etext = .

.vfp11_veneer   0x000000000800333c        0x0
 .vfp11_veneer  0x000000000800333c        0x0 linker stubs

.v4_bx          0x000000000800333c        0x0
 .v4_bx         0x000000000800333c        0x0 linker stubs

.iplt           0x000000000800333c        0x0
 .iplt          0x000000000800333c        0x0 c:/st/stm32cubeide_1.4.0/stm32cubeide/plugins/com.st.stm32cube.ide.mcu.externaltools.gnu-tools-for-stm32.7-2018-q2-update.win32_1.4.0.202007081208/tools/bin/../lib/gcc/arm-none-eabi/7.3.1/thumb/v6-m/crtbegin.o

.rodata         0x000000000800333c       0x84
                0x000000000800333c                . = ALIGN (0x4)
 *(.rodata)
 .rodata        0x000000000800333c       0x20 Drivers/STM32F0xx_HAL_Driver/Src/stm32f0xx_hal_rcc.o
 *(.rodata*)
 .rodata.HAL_TIM_PeriodElapsedCallback
                0x000000000800335c       0x4c Core/Src/main.o
 .rodata.AHBPrescTable
                0x00000000080033a8       0x10 Core/Src/system_stm32f0xx.o
                0x00000000080033a8                AHBPrescTable
 .rodata.APBPrescTable
                0x00000000080033b8        0x8 Core/Src/system_stm32f0xx.o
                0x00000000080033b8                APBPrescTable
                0x00000000080033c0                . = ALIGN (0x4)

.rel.dyn        0x00000000080033c0        0x0
 .rel.iplt      0x00000000080033c0        0x0 c:/st/stm32cubeide_1.4.0/stm32cubeide/plugins/com.st.stm32cube.ide.mcu.externaltools.gnu-tools-for-stm32.7-2018-q2-update.win32_1.4.0.202007081208/tools/bin/../lib/gcc/arm-none-eabi/7.3.1/thumb/v6-m/crtbegin.o

.ARM.extab      0x00000000080033c0        0x0
                0x00000000080033c0                . = ALIGN (0x4)
 *(.ARM.extab* .gnu.linkonce.armextab.*)
                0x00000000080033c0                . = ALIGN (0x4)

.ARM            0x00000000080033c0        0x0
                0x00000000080033c0                . = ALIGN (0x4)
                0x00000000080033c0                __exidx_start = .
 *(.ARM.exidx*)
                0x00000000080033c0                __exidx_end = .
                0x00000000080033c0                . = ALIGN (0x4)

.preinit_array  0x00000000080033c0        0x0
                0x00000000080033c0                . = ALIGN (0x4)
                0x00000000080033c0                PROVIDE (__preinit_array_start = .)
 *(.preinit_array*)
                0x00000000080033c0                PROVIDE (__preinit_array_end = .)
                0x00000000080033c0                . = ALIGN (0x4)

.init_array     0x00000000080033c0        0x4
                0x00000000080033c0                . = ALIGN (0x4)
                0x00000000080033c0                PROVIDE (__init_array_start = .)
 *(SORT_BY_NAME(.init_array.*))
 *(.init_array*)
 .init_array    0x00000000080033c0        0x4 c:/st/stm32cubeide_1.4.0/stm32cubeide/plugins/com.st.stm32cube.ide.mcu.externaltools.gnu-tools-for-stm32.7-2018-q2-update.win32_1.4.0.202007081208/tools/bin/../lib/gcc/arm-none-eabi/7.3.1/thumb/v6-m/crtbegin.o
                0x00000000080033c4                PROVIDE (__init_array_end = .)
                0x00000000080033c4                . = ALIGN (0x4)

.fini_array     0x00000000080033c4        0x4
                0x00000000080033c4                . = ALIGN (0x4)
                [!provide]                        PROVIDE (__fini_array_start = .)
 *(SORT_BY_NAME(.fini_array.*))
 *(.fini_array*)
 .fini_array    0x00000000080033c4        0x4 c:/st/stm32cubeide_1.4.0/stm32cubeide/plugins/com.st.stm32cube.ide.mcu.externaltools.gnu-tools-for-stm32.7-2018-q2-update.win32_1.4.0.202007081208/tools/bin/../lib/gcc/arm-none-eabi/7.3.1/thumb/v6-m/crtbegin.o
                [!provide]                        PROVIDE (__fini_array_end = .)
                0x00000000080033c8                . = ALIGN (0x4)
                0x00000000080033c8                _sidata = LOADADDR (.data)

.data           0x0000000020000000       0x10 load address 0x00000000080033c8
                0x0000000020000000                . = ALIGN (0x4)
                0x0000000020000000                _sdata = .
 *(.data)
 *(.data*)
 .data.state.6387
                0x0000000020000000        0x1 Core/Src/main.o
 *fill*         0x0000000020000001        0x3 
 .data.SystemCoreClock
                0x0000000020000004        0x4 Core/Src/system_stm32f0xx.o
                0x0000000020000004                SystemCoreClock
 .data.uwTickPrio
                0x0000000020000008        0x4 Drivers/STM32F0xx_HAL_Driver/Src/stm32f0xx_hal.o
                0x0000000020000008                uwTickPrio
 .data.uwTickFreq
                0x000000002000000c        0x1 Drivers/STM32F0xx_HAL_Driver/Src/stm32f0xx_hal.o
                0x000000002000000c                uwTickFreq
                0x0000000020000010                . = ALIGN (0x4)
 *fill*         0x000000002000000d        0x3 
                0x0000000020000010                _edata = .

.igot.plt       0x0000000020000010        0x0 load address 0x00000000080033d8
 .igot.plt      0x0000000020000010        0x0 c:/st/stm32cubeide_1.4.0/stm32cubeide/plugins/com.st.stm32cube.ide.mcu.externaltools.gnu-tools-for-stm32.7-2018-q2-update.win32_1.4.0.202007081208/tools/bin/../lib/gcc/arm-none-eabi/7.3.1/thumb/v6-m/crtbegin.o
                0x0000000020000010                . = ALIGN (0x4)

.bss            0x0000000020000010      0x184 load address 0x00000000080033d8
                0x0000000020000010                _sbss = .
                0x0000000020000010                __bss_start__ = _sbss
 *(.bss)
 .bss           0x0000000020000010       0x1c c:/st/stm32cubeide_1.4.0/stm32cubeide/plugins/com.st.stm32cube.ide.mcu.externaltools.gnu-tools-for-stm32.7-2018-q2-update.win32_1.4.0.202007081208/tools/bin/../lib/gcc/arm-none-eabi/7.3.1/thumb/v6-m/crtbegin.o
 *(.bss*)
 *(COMMON)
 COMMON         0x000000002000002c      0x164 Core/Src/main.o
                0x000000002000002c                sFilterConfig
                0x0000000020000054                hcan
                0x000000002000007c                huart1
                0x0000000020000100                TxData
                0x0000000020000108                htim1
                0x0000000020000150                TxMailbox
                0x0000000020000154                RxData
                0x000000002000015c                TxHeader
                0x0000000020000174                RxHeader
 COMMON         0x0000000020000190        0x4 Drivers/STM32F0xx_HAL_Driver/Src/stm32f0xx_hal.o
                0x0000000020000190                uwTick
                0x0000000020000194                . = ALIGN (0x4)
                0x0000000020000194                _ebss = .
                0x0000000020000194                __bss_end__ = _ebss

._user_heap_stack
                0x0000000020000194      0x604 load address 0x00000000080033d8
                0x0000000020000198                . = ALIGN (0x8)
 *fill*         0x0000000020000194        0x4 
                [!provide]                        PROVIDE (end = .)
                0x0000000020000198                PROVIDE (_end = .)
                0x0000000020000398                . = (. + _Min_Heap_Size)
 *fill*         0x0000000020000198      0x200 
                0x0000000020000798                . = (. + _Min_Stack_Size)
 *fill*         0x0000000020000398      0x400 
                0x0000000020000798                . = ALIGN (0x8)

/DISCARD/
 libc.a(*)
 libm.a(*)
 libgcc.a(*)

.ARM.attributes
                0x0000000000000000       0x28
 *(.ARM.attributes)
 .ARM.attributes
                0x0000000000000000       0x1e c:/st/stm32cubeide_1.4.0/stm32cubeide/plugins/com.st.stm32cube.ide.mcu.externaltools.gnu-tools-for-stm32.7-2018-q2-update.win32_1.4.0.202007081208/tools/bin/../lib/gcc/arm-none-eabi/7.3.1/thumb/v6-m/crti.o
 .ARM.attributes
                0x000000000000001e       0x2c c:/st/stm32cubeide_1.4.0/stm32cubeide/plugins/com.st.stm32cube.ide.mcu.externaltools.gnu-tools-for-stm32.7-2018-q2-update.win32_1.4.0.202007081208/tools/bin/../lib/gcc/arm-none-eabi/7.3.1/thumb/v6-m/crtbegin.o
 .ARM.attributes
                0x000000000000004a       0x31 Core/Src/main.o
 .ARM.attributes
                0x000000000000007b       0x31 Core/Src/stm32f0xx_hal_msp.o
 .ARM.attributes
                0x00000000000000ac       0x31 Core/Src/stm32f0xx_it.o
 .ARM.attributes
                0x00000000000000dd       0x31 Core/Src/system_stm32f0xx.o
 .ARM.attributes
                0x000000000000010e       0x21 Core/Startup/startup_stm32f042k6tx.o
 .ARM.attributes
                0x000000000000012f       0x31 Drivers/STM32F0xx_HAL_Driver/Src/stm32f0xx_hal.o
 .ARM.attributes
                0x0000000000000160       0x31 Drivers/STM32F0xx_HAL_Driver/Src/stm32f0xx_hal_can.o
 .ARM.attributes
                0x0000000000000191       0x31 Drivers/STM32F0xx_HAL_Driver/Src/stm32f0xx_hal_cortex.o
 .ARM.attributes
                0x00000000000001c2       0x31 Drivers/STM32F0xx_HAL_Driver/Src/stm32f0xx_hal_gpio.o
 .ARM.attributes
                0x00000000000001f3       0x31 Drivers/STM32F0xx_HAL_Driver/Src/stm32f0xx_hal_rcc.o
 .ARM.attributes
                0x0000000000000224       0x31 Drivers/STM32F0xx_HAL_Driver/Src/stm32f0xx_hal_rcc_ex.o
 .ARM.attributes
                0x0000000000000255       0x31 Drivers/STM32F0xx_HAL_Driver/Src/stm32f0xx_hal_tim.o
 .ARM.attributes
                0x0000000000000286       0x31 Drivers/STM32F0xx_HAL_Driver/Src/stm32f0xx_hal_tim_ex.o
 .ARM.attributes
                0x00000000000002b7       0x31 Drivers/STM32F0xx_HAL_Driver/Src/stm32f0xx_hal_uart.o
 .ARM.attributes
                0x00000000000002e8       0x2c c:/st/stm32cubeide_1.4.0/stm32cubeide/plugins/com.st.stm32cube.ide.mcu.externaltools.gnu-tools-for-stm32.7-2018-q2-update.win32_1.4.0.202007081208/tools/bin/../lib/gcc/arm-none-eabi/7.3.1/../../../../arm-none-eabi/lib/thumb/v6-m\libc_nano.a(lib_a-init.o)
 .ARM.attributes
                0x0000000000000314       0x2c c:/st/stm32cubeide_1.4.0/stm32cubeide/plugins/com.st.stm32cube.ide.mcu.externaltools.gnu-tools-for-stm32.7-2018-q2-update.win32_1.4.0.202007081208/tools/bin/../lib/gcc/arm-none-eabi/7.3.1/../../../../arm-none-eabi/lib/thumb/v6-m\libc_nano.a(lib_a-memset.o)
 .ARM.attributes
                0x0000000000000340       0x1e c:/st/stm32cubeide_1.4.0/stm32cubeide/plugins/com.st.stm32cube.ide.mcu.externaltools.gnu-tools-for-stm32.7-2018-q2-update.win32_1.4.0.202007081208/tools/bin/../lib/gcc/arm-none-eabi/7.3.1/thumb/v6-m\libgcc.a(_udivsi3.o)
 .ARM.attributes
                0x000000000000035e       0x1e c:/st/stm32cubeide_1.4.0/stm32cubeide/plugins/com.st.stm32cube.ide.mcu.externaltools.gnu-tools-for-stm32.7-2018-q2-update.win32_1.4.0.202007081208/tools/bin/../lib/gcc/arm-none-eabi/7.3.1/thumb/v6-m\libgcc.a(_dvmd_tls.o)
 .ARM.attributes
                0x000000000000037c       0x1e c:/st/stm32cubeide_1.4.0/stm32cubeide/plugins/com.st.stm32cube.ide.mcu.externaltools.gnu-tools-for-stm32.7-2018-q2-update.win32_1.4.0.202007081208/tools/bin/../lib/gcc/arm-none-eabi/7.3.1/thumb/v6-m/crtn.o
OUTPUT(Str_Wheel.elf elf32-littlearm)

.debug_info     0x0000000000000000     0xb42e
 .debug_info    0x0000000000000000     0x152e Core/Src/main.o
 .debug_info    0x000000000000152e     0x1176 Core/Src/stm32f0xx_hal_msp.o
 .debug_info    0x00000000000026a4      0x6e0 Core/Src/stm32f0xx_it.o
 .debug_info    0x0000000000002d84      0x29e Core/Src/system_stm32f0xx.o
 .debug_info    0x0000000000003022       0x22 Core/Startup/startup_stm32f042k6tx.o
 .debug_info    0x0000000000003044      0x69d Drivers/STM32F0xx_HAL_Driver/Src/stm32f0xx_hal.o
 .debug_info    0x00000000000036e1      0xf1e Drivers/STM32F0xx_HAL_Driver/Src/stm32f0xx_hal_can.o
 .debug_info    0x00000000000045ff      0x76e Drivers/STM32F0xx_HAL_Driver/Src/stm32f0xx_hal_cortex.o
 .debug_info    0x0000000000004d6d      0x689 Drivers/STM32F0xx_HAL_Driver/Src/stm32f0xx_hal_gpio.o
 .debug_info    0x00000000000053f6      0x82d Drivers/STM32F0xx_HAL_Driver/Src/stm32f0xx_hal_rcc.o
 .debug_info    0x0000000000005c23      0x664 Drivers/STM32F0xx_HAL_Driver/Src/stm32f0xx_hal_rcc_ex.o
 .debug_info    0x0000000000006287     0x27d0 Drivers/STM32F0xx_HAL_Driver/Src/stm32f0xx_hal_tim.o
 .debug_info    0x0000000000008a57     0x1350 Drivers/STM32F0xx_HAL_Driver/Src/stm32f0xx_hal_tim_ex.o
 .debug_info    0x0000000000009da7     0x1687 Drivers/STM32F0xx_HAL_Driver/Src/stm32f0xx_hal_uart.o

.debug_abbrev   0x0000000000000000     0x18f9
 .debug_abbrev  0x0000000000000000      0x259 Core/Src/main.o
 .debug_abbrev  0x0000000000000259      0x1d1 Core/Src/stm32f0xx_hal_msp.o
 .debug_abbrev  0x000000000000042a      0x15a Core/Src/stm32f0xx_it.o
 .debug_abbrev  0x0000000000000584      0x12b Core/Src/system_stm32f0xx.o
 .debug_abbrev  0x00000000000006af       0x12 Core/Startup/startup_stm32f042k6tx.o
 .debug_abbrev  0x00000000000006c1      0x1f2 Drivers/STM32F0xx_HAL_Driver/Src/stm32f0xx_hal.o
 .debug_abbrev  0x00000000000008b3      0x1b7 Drivers/STM32F0xx_HAL_Driver/Src/stm32f0xx_hal_can.o
 .debug_abbrev  0x0000000000000a6a      0x273 Drivers/STM32F0xx_HAL_Driver/Src/stm32f0xx_hal_cortex.o
 .debug_abbrev  0x0000000000000cdd      0x1c0 Drivers/STM32F0xx_HAL_Driver/Src/stm32f0xx_hal_gpio.o
 .debug_abbrev  0x0000000000000e9d      0x20f Drivers/STM32F0xx_HAL_Driver/Src/stm32f0xx_hal_rcc.o
 .debug_abbrev  0x00000000000010ac      0x1d2 Drivers/STM32F0xx_HAL_Driver/Src/stm32f0xx_hal_rcc_ex.o
 .debug_abbrev  0x000000000000127e      0x230 Drivers/STM32F0xx_HAL_Driver/Src/stm32f0xx_hal_tim.o
 .debug_abbrev  0x00000000000014ae      0x236 Drivers/STM32F0xx_HAL_Driver/Src/stm32f0xx_hal_tim_ex.o
 .debug_abbrev  0x00000000000016e4      0x215 Drivers/STM32F0xx_HAL_Driver/Src/stm32f0xx_hal_uart.o

.debug_aranges  0x0000000000000000      0xcc8
 .debug_aranges
                0x0000000000000000       0x68 Core/Src/main.o
 .debug_aranges
                0x0000000000000068       0x50 Core/Src/stm32f0xx_hal_msp.o
 .debug_aranges
                0x00000000000000b8       0x48 Core/Src/stm32f0xx_it.o
 .debug_aranges
                0x0000000000000100       0x28 Core/Src/system_stm32f0xx.o
 .debug_aranges
                0x0000000000000128       0x28 Core/Startup/startup_stm32f042k6tx.o
 .debug_aranges
                0x0000000000000150       0xd0 Drivers/STM32F0xx_HAL_Driver/Src/stm32f0xx_hal.o
 .debug_aranges
                0x0000000000000220      0x138 Drivers/STM32F0xx_HAL_Driver/Src/stm32f0xx_hal_can.o
 .debug_aranges
                0x0000000000000358       0xc0 Drivers/STM32F0xx_HAL_Driver/Src/stm32f0xx_hal_cortex.o
 .debug_aranges
                0x0000000000000418       0x58 Drivers/STM32F0xx_HAL_Driver/Src/stm32f0xx_hal_gpio.o
 .debug_aranges
                0x0000000000000470       0x80 Drivers/STM32F0xx_HAL_Driver/Src/stm32f0xx_hal_rcc.o
 .debug_aranges
                0x00000000000004f0       0x78 Drivers/STM32F0xx_HAL_Driver/Src/stm32f0xx_hal_rcc_ex.o
 .debug_aranges
                0x0000000000000568      0x3d0 Drivers/STM32F0xx_HAL_Driver/Src/stm32f0xx_hal_tim.o
 .debug_aranges
                0x0000000000000938      0x168 Drivers/STM32F0xx_HAL_Driver/Src/stm32f0xx_hal_tim_ex.o
 .debug_aranges
                0x0000000000000aa0      0x228 Drivers/STM32F0xx_HAL_Driver/Src/stm32f0xx_hal_uart.o

.debug_ranges   0x0000000000000000      0xc20
 .debug_ranges  0x0000000000000000       0x58 Core/Src/main.o
 .debug_ranges  0x0000000000000058       0x40 Core/Src/stm32f0xx_hal_msp.o
 .debug_ranges  0x0000000000000098       0x38 Core/Src/stm32f0xx_it.o
 .debug_ranges  0x00000000000000d0       0x18 Core/Src/system_stm32f0xx.o
 .debug_ranges  0x00000000000000e8       0x20 Core/Startup/startup_stm32f042k6tx.o
 .debug_ranges  0x0000000000000108       0xc0 Drivers/STM32F0xx_HAL_Driver/Src/stm32f0xx_hal.o
 .debug_ranges  0x00000000000001c8      0x128 Drivers/STM32F0xx_HAL_Driver/Src/stm32f0xx_hal_can.o
 .debug_ranges  0x00000000000002f0       0xb0 Drivers/STM32F0xx_HAL_Driver/Src/stm32f0xx_hal_cortex.o
 .debug_ranges  0x00000000000003a0       0x48 Drivers/STM32F0xx_HAL_Driver/Src/stm32f0xx_hal_gpio.o
 .debug_ranges  0x00000000000003e8       0x70 Drivers/STM32F0xx_HAL_Driver/Src/stm32f0xx_hal_rcc.o
 .debug_ranges  0x0000000000000458       0x68 Drivers/STM32F0xx_HAL_Driver/Src/stm32f0xx_hal_rcc_ex.o
 .debug_ranges  0x00000000000004c0      0x3c0 Drivers/STM32F0xx_HAL_Driver/Src/stm32f0xx_hal_tim.o
 .debug_ranges  0x0000000000000880      0x158 Drivers/STM32F0xx_HAL_Driver/Src/stm32f0xx_hal_tim_ex.o
 .debug_ranges  0x00000000000009d8      0x248 Drivers/STM32F0xx_HAL_Driver/Src/stm32f0xx_hal_uart.o

.debug_macro    0x0000000000000000    0x1851d
 .debug_macro   0x0000000000000000      0x1db Core/Src/main.o
 .debug_macro   0x00000000000001db      0xa48 Core/Src/main.o
 .debug_macro   0x0000000000000c23      0x139 Core/Src/main.o
 .debug_macro   0x0000000000000d5c       0x2e Core/Src/main.o
 .debug_macro   0x0000000000000d8a       0x22 Core/Src/main.o
 .debug_macro   0x0000000000000dac       0x22 Core/Src/main.o
 .debug_macro   0x0000000000000dce       0x8e Core/Src/main.o
 .debug_macro   0x0000000000000e5c       0x51 Core/Src/main.o
 .debug_macro   0x0000000000000ead       0xef Core/Src/main.o
 .debug_macro   0x0000000000000f9c       0x6a Core/Src/main.o
 .debug_macro   0x0000000000001006      0x1df Core/Src/main.o
 .debug_macro   0x00000000000011e5       0x1c Core/Src/main.o
 .debug_macro   0x0000000000001201       0x22 Core/Src/main.o
 .debug_macro   0x0000000000001223       0xb5 Core/Src/main.o
 .debug_macro   0x00000000000012d8      0x391 Core/Src/main.o
 .debug_macro   0x0000000000001669     0xf1e6 Core/Src/main.o
 .debug_macro   0x000000000001084f       0x3c Core/Src/main.o
 .debug_macro   0x000000000001088b     0x3461 Core/Src/main.o
 .debug_macro   0x0000000000013cec      0x174 Core/Src/main.o
 .debug_macro   0x0000000000013e60       0x55 Core/Src/main.o
 .debug_macro   0x0000000000013eb5      0x946 Core/Src/main.o
 .debug_macro   0x00000000000147fb      0x46b Core/Src/main.o
 .debug_macro   0x0000000000014c66      0x12f Core/Src/main.o
 .debug_macro   0x0000000000014d95      0x130 Core/Src/main.o
 .debug_macro   0x0000000000014ec5      0x199 Core/Src/main.o
 .debug_macro   0x000000000001505e      0x1ed Core/Src/main.o
 .debug_macro   0x000000000001524b       0x34 Core/Src/main.o
 .debug_macro   0x000000000001527f       0x43 Core/Src/main.o
 .debug_macro   0x00000000000152c2       0x28 Core/Src/main.o
 .debug_macro   0x00000000000152ea      0x408 Core/Src/main.o
 .debug_macro   0x00000000000156f2       0xb0 Core/Src/main.o
 .debug_macro   0x00000000000157a2      0x182 Core/Src/main.o
 .debug_macro   0x0000000000015924      0x22c Core/Src/main.o
 .debug_macro   0x0000000000015b50       0x60 Core/Src/main.o
 .debug_macro   0x0000000000015bb0       0xa5 Core/Src/main.o
 .debug_macro   0x0000000000015c55       0x4c Core/Src/main.o
 .debug_macro   0x0000000000015ca1      0x15b Core/Src/main.o
 .debug_macro   0x0000000000015dfc      0x8d8 Core/Src/main.o
 .debug_macro   0x00000000000166d4       0x28 Core/Src/main.o
 .debug_macro   0x00000000000166fc      0x5a5 Core/Src/main.o
 .debug_macro   0x0000000000016ca1       0x44 Core/Src/main.o
 .debug_macro   0x0000000000016ce5      0x12e Core/Src/main.o
 .debug_macro   0x0000000000016e13       0xac Core/Src/main.o
 .debug_macro   0x0000000000016ebf      0x1db Core/Src/stm32f0xx_hal_msp.o
 .debug_macro   0x000000000001709a      0x1e5 Core/Src/stm32f0xx_it.o
 .debug_macro   0x000000000001727f      0x1cc Core/Src/system_stm32f0xx.o
 .debug_macro   0x000000000001744b      0x1f0 Drivers/STM32F0xx_HAL_Driver/Src/stm32f0xx_hal.o
 .debug_macro   0x000000000001763b      0x1d4 Drivers/STM32F0xx_HAL_Driver/Src/stm32f0xx_hal_can.o
 .debug_macro   0x000000000001780f      0x1cc Drivers/STM32F0xx_HAL_Driver/Src/stm32f0xx_hal_cortex.o
 .debug_macro   0x00000000000179db      0x204 Drivers/STM32F0xx_HAL_Driver/Src/stm32f0xx_hal_gpio.o
 .debug_macro   0x0000000000017bdf      0x1de Drivers/STM32F0xx_HAL_Driver/Src/stm32f0xx_hal_rcc.o
 .debug_macro   0x0000000000017dbd      0x1de Drivers/STM32F0xx_HAL_Driver/Src/stm32f0xx_hal_rcc_ex.o
 .debug_macro   0x0000000000017f9b      0x1cd Drivers/STM32F0xx_HAL_Driver/Src/stm32f0xx_hal_tim.o
 .debug_macro   0x0000000000018168      0x1cc Drivers/STM32F0xx_HAL_Driver/Src/stm32f0xx_hal_tim_ex.o
 .debug_macro   0x0000000000018334      0x1e9 Drivers/STM32F0xx_HAL_Driver/Src/stm32f0xx_hal_uart.o

.debug_line     0x0000000000000000     0x9ece
 .debug_line    0x0000000000000000      0x83f Core/Src/main.o
 .debug_line    0x000000000000083f      0x77b Core/Src/stm32f0xx_hal_msp.o
 .debug_line    0x0000000000000fba      0x75a Core/Src/stm32f0xx_it.o
 .debug_line    0x0000000000001714      0x717 Core/Src/system_stm32f0xx.o
 .debug_line    0x0000000000001e2b       0x9b Core/Startup/startup_stm32f042k6tx.o
 .debug_line    0x0000000000001ec6      0x8aa Drivers/STM32F0xx_HAL_Driver/Src/stm32f0xx_hal.o
 .debug_line    0x0000000000002770      0xb91 Drivers/STM32F0xx_HAL_Driver/Src/stm32f0xx_hal_can.o
 .debug_line    0x0000000000003301      0x8c2 Drivers/STM32F0xx_HAL_Driver/Src/stm32f0xx_hal_cortex.o
 .debug_line    0x0000000000003bc3      0x85a Drivers/STM32F0xx_HAL_Driver/Src/stm32f0xx_hal_gpio.o
 .debug_line    0x000000000000441d      0x996 Drivers/STM32F0xx_HAL_Driver/Src/stm32f0xx_hal_rcc.o
 .debug_line    0x0000000000004db3      0x91a Drivers/STM32F0xx_HAL_Driver/Src/stm32f0xx_hal_rcc_ex.o
 .debug_line    0x00000000000056cd     0x229c Drivers/STM32F0xx_HAL_Driver/Src/stm32f0xx_hal_tim.o
 .debug_line    0x0000000000007969     0x131c Drivers/STM32F0xx_HAL_Driver/Src/stm32f0xx_hal_tim_ex.o
 .debug_line    0x0000000000008c85     0x1249 Drivers/STM32F0xx_HAL_Driver/Src/stm32f0xx_hal_uart.o

.debug_str      0x0000000000000000    0x8fae4
 .debug_str     0x0000000000000000    0x8ccc9 Core/Src/main.o
                                      0x8d068 (size before relaxing)
 .debug_str     0x000000000008ccc9      0x1e9 Core/Src/stm32f0xx_hal_msp.o
                                      0x8cd75 (size before relaxing)
 .debug_str     0x000000000008ceb2       0x95 Core/Src/stm32f0xx_it.o
                                      0x8c67a (size before relaxing)
 .debug_str     0x000000000008cf47       0x5f Core/Src/system_stm32f0xx.o
                                      0x8bf2d (size before relaxing)
 .debug_str     0x000000000008cfa6       0x36 Core/Startup/startup_stm32f042k6tx.o
                                         0x55 (size before relaxing)
 .debug_str     0x000000000008cfdc      0x313 Drivers/STM32F0xx_HAL_Driver/Src/stm32f0xx_hal.o
                                      0x8c453 (size before relaxing)
 .debug_str     0x000000000008d2ef      0x424 Drivers/STM32F0xx_HAL_Driver/Src/stm32f0xx_hal_can.o
                                      0x8c71e (size before relaxing)
 .debug_str     0x000000000008d713      0x1d2 Drivers/STM32F0xx_HAL_Driver/Src/stm32f0xx_hal_cortex.o
                                      0x8c30b (size before relaxing)
 .debug_str     0x000000000008d8e5      0x20e Drivers/STM32F0xx_HAL_Driver/Src/stm32f0xx_hal_gpio.o
                                      0x8c1c9 (size before relaxing)
 .debug_str     0x000000000008daf3      0x240 Drivers/STM32F0xx_HAL_Driver/Src/stm32f0xx_hal_rcc.o
                                      0x8c342 (size before relaxing)
 .debug_str     0x000000000008dd33      0x2e1 Drivers/STM32F0xx_HAL_Driver/Src/stm32f0xx_hal_rcc_ex.o
                                      0x8c30a (size before relaxing)
 .debug_str     0x000000000008e014      0xd73 Drivers/STM32F0xx_HAL_Driver/Src/stm32f0xx_hal_tim.o
                                      0x8d2e1 (size before relaxing)
 .debug_str     0x000000000008ed87      0x517 Drivers/STM32F0xx_HAL_Driver/Src/stm32f0xx_hal_tim_ex.o
                                      0x8cabb (size before relaxing)
 .debug_str     0x000000000008f29e      0x846 Drivers/STM32F0xx_HAL_Driver/Src/stm32f0xx_hal_uart.o
                                      0x8cbcf (size before relaxing)

.comment        0x0000000000000000       0x7b
 .comment       0x0000000000000000       0x7b Core/Src/main.o
                                         0x7c (size before relaxing)
 .comment       0x000000000000007b       0x7c Core/Src/stm32f0xx_hal_msp.o
 .comment       0x000000000000007b       0x7c Core/Src/stm32f0xx_it.o
 .comment       0x000000000000007b       0x7c Core/Src/system_stm32f0xx.o
 .comment       0x000000000000007b       0x7c Drivers/STM32F0xx_HAL_Driver/Src/stm32f0xx_hal.o
 .comment       0x000000000000007b       0x7c Drivers/STM32F0xx_HAL_Driver/Src/stm32f0xx_hal_can.o
 .comment       0x000000000000007b       0x7c Drivers/STM32F0xx_HAL_Driver/Src/stm32f0xx_hal_cortex.o
 .comment       0x000000000000007b       0x7c Drivers/STM32F0xx_HAL_Driver/Src/stm32f0xx_hal_gpio.o
 .comment       0x000000000000007b       0x7c Drivers/STM32F0xx_HAL_Driver/Src/stm32f0xx_hal_rcc.o
 .comment       0x000000000000007b       0x7c Drivers/STM32F0xx_HAL_Driver/Src/stm32f0xx_hal_rcc_ex.o
 .comment       0x000000000000007b       0x7c Drivers/STM32F0xx_HAL_Driver/Src/stm32f0xx_hal_tim.o
 .comment       0x000000000000007b       0x7c Drivers/STM32F0xx_HAL_Driver/Src/stm32f0xx_hal_tim_ex.o
 .comment       0x000000000000007b       0x7c Drivers/STM32F0xx_HAL_Driver/Src/stm32f0xx_hal_uart.o

.debug_frame    0x0000000000000000     0x2e2c
 .debug_frame   0x0000000000000000      0x140 Core/Src/main.o
 .debug_frame   0x0000000000000140       0xf0 Core/Src/stm32f0xx_hal_msp.o
 .debug_frame   0x0000000000000230       0xb8 Core/Src/stm32f0xx_it.o
 .debug_frame   0x00000000000002e8       0x4c Core/Src/system_stm32f0xx.o
 .debug_frame   0x0000000000000334      0x2a4 Drivers/STM32F0xx_HAL_Driver/Src/stm32f0xx_hal.o
 .debug_frame   0x00000000000005d8      0x490 Drivers/STM32F0xx_HAL_Driver/Src/stm32f0xx_hal_can.o
 .debug_frame   0x0000000000000a68      0x2a0 Drivers/STM32F0xx_HAL_Driver/Src/stm32f0xx_hal_cortex.o
 .debug_frame   0x0000000000000d08      0x110 Drivers/STM32F0xx_HAL_Driver/Src/stm32f0xx_hal_gpio.o
 .debug_frame   0x0000000000000e18      0x198 Drivers/STM32F0xx_HAL_Driver/Src/stm32f0xx_hal_rcc.o
 .debug_frame   0x0000000000000fb0      0x180 Drivers/STM32F0xx_HAL_Driver/Src/stm32f0xx_hal_rcc_ex.o
 .debug_frame   0x0000000000001130      0xef0 Drivers/STM32F0xx_HAL_Driver/Src/stm32f0xx_hal_tim.o
 .debug_frame   0x0000000000002020      0x550 Drivers/STM32F0xx_HAL_Driver/Src/stm32f0xx_hal_tim_ex.o
 .debug_frame   0x0000000000002570      0x850 Drivers/STM32F0xx_HAL_Driver/Src/stm32f0xx_hal_uart.o
 .debug_frame   0x0000000000002dc0       0x2c c:/st/stm32cubeide_1.4.0/stm32cubeide/plugins/com.st.stm32cube.ide.mcu.externaltools.gnu-tools-for-stm32.7-2018-q2-update.win32_1.4.0.202007081208/tools/bin/../lib/gcc/arm-none-eabi/7.3.1/../../../../arm-none-eabi/lib/thumb/v6-m\libc_nano.a(lib_a-init.o)
 .debug_frame   0x0000000000002dec       0x20 c:/st/stm32cubeide_1.4.0/stm32cubeide/plugins/com.st.stm32cube.ide.mcu.externaltools.gnu-tools-for-stm32.7-2018-q2-update.win32_1.4.0.202007081208/tools/bin/../lib/gcc/arm-none-eabi/7.3.1/../../../../arm-none-eabi/lib/thumb/v6-m\libc_nano.a(lib_a-memset.o)
 .debug_frame   0x0000000000002e0c       0x20 c:/st/stm32cubeide_1.4.0/stm32cubeide/plugins/com.st.stm32cube.ide.mcu.externaltools.gnu-tools-for-stm32.7-2018-q2-update.win32_1.4.0.202007081208/tools/bin/../lib/gcc/arm-none-eabi/7.3.1/thumb/v6-m\libgcc.a(_udivsi3.o)
